{
  "generated_at": "2025-08-24T01:59:16.077039",
  "entries": [],
  "stats": {
    "total_processed": 0,
    "verified": 0,
    "citation_rate": 0.0
  }
}