{
  "generated_at": "2025-08-24T01:59:16.077149",
  "tests": [],
  "coverage": {
    "total_tests": 0,
    "source_entries": 0
  }
}