{
  "generated_at": "2025-08-24T02:00:50.393304",
  "entries": [
    {
      "question": "What are common phishing email characteristics?",
      "answer": "Common phishing email characteristics include the use of malicious attachments or links, social engineering techniques, and the impersonation of trusted sources to elicit sensitive information.",
      "intent": "threat_analysis",
      "lane": "grounded",
      "citations": [
        {
          "source": "Zainabsa99/mitre_attack",
          "chunk_id": "hf_Zainabsa99_mitre_attack_161",
          "score": 0.5320714712142944
        },
        {
          "source": "Zainabsa99/mitre_attack",
          "chunk_id": "hf_Zainabsa99_mitre_attack_379",
          "score": 0.5128229260444641
        }
      ],
      "confidence": 0.9,
      "timestamp": "2025-08-24T02:00:00.995608"
    },
    {
      "question": "How do you analyze syslog entries for security events?",
      "answer": "To analyze syslog entries for security events, review logs for unusual or unauthorized actions, such as process access (Event ID 10 in Sysmon) and changes in service configurations (Event ID 16 in Sysmon), as well as monitor for the creation of new executable files (Event ID 29 in Sysmon).",
      "intent": "log_analysis",
      "lane": "grounded",
      "citations": [
        {
          "source": "0xyf/windows-log-QnA",
          "chunk_id": "hf_0xyf_windows-log-QnA_131",
          "score": 0.6303771734237671
        },
        {
          "source": "0xyf/windows-log-QnA",
          "chunk_id": "hf_0xyf_windows-log-QnA_157",
          "score": 0.582109272480011
        },
        {
          "source": "0xyf/windows-log-QnA",
          "chunk_id": "hf_0xyf_windows-log-QnA_71",
          "score": 0.5643713474273682
        }
      ],
      "confidence": 0.9,
      "timestamp": "2025-08-24T02:00:02.925674"
    },
    {
      "question": "What are indicators of PowerShell Empire usage?",
      "answer": "Indicators of PowerShell Empire usage include the execution of malicious PowerShell scripts, such as those triggered by PowerShell profiles, and the use of cmdlets like Start-Process and Invoke-Command for executing code.",
      "intent": "threat_hunting",
      "lane": "grounded",
      "citations": [
        {
          "source": "Zainabsa99/mitre_attack",
          "chunk_id": "hf_Zainabsa99_mitre_attack_460",
          "score": 0.5012043714523315
        },
        {
          "source": "Zainabsa99/mitre_attack",
          "chunk_id": "hf_Zainabsa99_mitre_attack_294",
          "score": 0.3999834656715393
        }
      ],
      "confidence": 0.9,
      "timestamp": "2025-08-24T02:00:06.196175"
    },
    {
      "question": "How does Splunk Enterprise Security correlation work?",
      "answer": "Splunk Enterprise Security correlation works through correlation searches that analyze machine data from security technologies to identify notable events and generate alerts based on risk-based criteria.",
      "intent": "tool_integration",
      "lane": "grounded",
      "citations": [
        {
          "source": "core_glossary",
          "chunk_id": "glossary_splunk_es",
          "score": 0.7378864288330078
        }
      ],
      "confidence": 0.9,
      "timestamp": "2025-08-24T02:00:07.193146"
    },
    {
      "question": "How do you identify cryptocurrency mining malware?",
      "answer": "Cryptocurrency mining malware can be identified by high CPU/GPU resource usage, often installed through boobytrapped files or cracked software from untrusted sources. Regular scans for cryptominers and avoiding pirated downloads can help mitigate risks.",
      "intent": "malware_analysis",
      "lane": "grounded",
      "citations": [
        {
          "source": "open_malsec",
          "chunk_id": "malsec_common-malware-vectors_26",
          "score": 0.6514159440994263
        },
        {
          "source": "open_malsec",
          "chunk_id": "malsec_common-malware-vectors_9",
          "score": 0.585189938545227
        }
      ],
      "confidence": 0.9,
      "timestamp": "2025-08-24T02:00:12.273658"
    }
  ],
  "stats": {
    "total_processed": 5,
    "verified": 5,
    "citation_rate": 1.0
  }
}